******************************************************************************
               TMS320C6x Linker PC v6.1.15                     
******************************************************************************
>> Linked Tue Mar 22 11:48:33 2016

OUTPUT FILE NAME:   <RTDSP.out>
ENTRY POINT SYMBOL: "_c_int00"  address: 00017080


MEMORY CONFIGURATION

         name            origin    length      used     unused   attr    fill
----------------------  --------  ---------  --------  --------  ----  --------
  IRAM                  00000000   00040000  00018a03  000275fd  RWIX
  SDRAM                 80000000   00800000  00000000  00800000  RWIX


SECTION ALLOCATION MAP

 output                                  attributes/
section   page    origin      length       input sections
--------  ----  ----------  ----------   ----------------
.vers      0    00000000    00000040     COPY SECTION
                  00000000    00000040     dsp_bios_cfg.obj (.vers)

.prd       0    00000000    00000000     UNINITIALIZED

.hwi_vec   0    00000000    00000200     
                  00000000    00000200     dsp_bios_cfg.obj (.hwi_vec)

.data      0    00000000    00000000     UNINITIALIZED

.IRAM$heap 
*          0    00000200    00008000     UNINITIALIZED
                  00000200    00008000     --HOLE--

.text      0    00008200    00006940     
                  00008200    00001c00     enhance.obj (.text)
                  00009e00    00000900     rts6700.lib : divd.obj (.text:__divd)
                  0000a700    000008e0     fft_functions.obj (.text)
                  0000afe0    00000680     complex.obj (.text)
                  0000b660    00000620     rts6700.lib : divf.obj (.text:__divf)
                  0000bc80    00000480     dsk6713bslccsv4.lib : dsk6713.obj (.text)
                  0000c100    00000380     rts6700.lib : frcmpyd_div.obj (.text:__frcmpyd_div)
                  0000c480    00000340                 : cos.obj (.text:_cos)
                  0000c7c0    00000320                 : sin.obj (.text:_sin)
                  0000cae0    000002e0     dsk6713bslccsv4.lib : dsk6713_aic23_opencodec.obj (.text)
                  0000cdc0    00000280     rts6700.lib : exp.obj (.text:_exp)
                  0000d040    00000240                 : memcpy62.obj (.text:_memcpy)
                  0000d280    00000240                 : sqrt.obj (.text:_sqrt)
                  0000d4c0    000001c0     csl6713.lib : csl_irq.obj (.text:_IRQ_map)
                  0000d680    000001a0                 : csl_mcbsp.obj (.text:_MCBSP_reset)
                  0000d820    000001a0     rts6700.lib : ldexp.obj (.text:_ldexp)
                  0000d9c0    00000180     bios.a67 : gbl_cslpllinit62.o67 (.text)
                  0000db40    00000180     dsk6713bslccsv4.lib : dsk6713_aic23_registers.obj (.text)
                  0000dcc0    00000140     rts6700.lib : strasg.obj (.text:__strasgi)
                  0000de00    00000120                 : sinit.obj (.text:_call_dtors)
                  0000df20    00000120                 : frexp.obj (.text:_frexp)
                  0000e040    00000120                 : memset.obj (.text:_memset)
                  0000e160    00000100     csl6713.lib : csl_mcbsp.obj (.text:_MCBSP_open)
                  0000e260    00000100                 : csl_mcbsp.obj (.text:_MCBSP_start)
                  0000e360    00000100     rts6700.lib : atexit.obj (.text:_atexit)
                  0000e460    000000e0                 : frcmpyf_div.obj (.text:__frcmpyf_div)
                  0000e540    000000e0                 : round.obj (.text:__nround)
                  0000e620    000000e0     dsk6713bslccsv4.lib : helper_functions_ISR.obj (.text)
                  0000e700    000000c0     rts6700.lib : modf.obj (.text:_modf)
                  0000e7c0    000000c0     bios.a67 : tsk_stup.o67 (.text)
                  0000e880    000000a0     rts6700.lib : mpyll.obj (.text:__mpyll)
                  0000e920    000000a0     csl6713.lib : csl_irq.obj (.text:_setMux)
                  0000e9c0    00000040     rts6700.lib : sinit.obj (.text:___add_dtor)
                  0000ea00    00000040                 : divd.obj (.text:___isnan)
                  0000ea40    00000040                 : divf.obj (.text:___isnanf)
                  0000ea80    00000040                 : trunc.obj (.text:__trunc)
                  0000eac0    00000020                 : _lock.obj (.text:__nop)
                  0000eae0    00000020                 : _lock.obj (.text:__register_lock)
                  0000eb00    00000020                 : _lock.obj (.text:__register_unlock)
                  0000eb20    00000020     csl6713.lib : csl_irq.obj (.text)

.bios      0    0000eb40    00004ac0     
                  0000eb40    00000600     lnkrtdx.a67 : rtdx.o67 (.bios)
                  0000f140    000005e0     bios.a67 : gbl_setL2CacheMode.o67 (.bios)
                  0000f720    00000540              : swi.o67 (.bios)
                  0000fc60    00000460              : hwi_disp_asm.o67 (.bios)
                  000100c0    000003e0              : malloc.o67 (.bios)
                  000104a0    000003a0              : prd.o67 (.bios)
                  00010840    000002c0              : knl_run.o67 (.bios)
                  00010b00    000002c0              : rta.o67 (.bios)
                  00010dc0    000002c0              : sem_pend.o67 (.bios)
                  00011080    00000280              : mem_allo.o67 (.bios:.near)
                  00011300    00000260              : knl_tick.o67 (.bios)
                  00011560    00000240              : mem_free.o67 (.bios:.near)
                  000117a0    00000240              : pip.o67 (.bios)
                  000119e0    00000220              : sem_dopo.o67 (.bios)
                  00011c00    00000200              : tsk_setu.o67 (.bios)
                  00011e00    000001c0              : knl_swit.o67 (.bios)
                  00011fc0    000001c0     biosC6000.a67 : clk.o67 (.bios)
                  00012180    000001a0     bios.a67 : tsk_exit.o67 (.bios)
                  00012320    00000180              : autoinit.o67 (.bios)
                  000124a0    00000180              : tsk_stup.o67 (.bios)
                  00012620    00000140              : knl_chec.o67 (.bios)
                  00012760    000000e0              : gbl_cslcacheinit.o67 (.bios)
                  00012840    000000e0              : knl_exit.o67 (.bios)
                  00012920    000000e0              : sem_post.o67 (.bios)
                  00012a00    000000e0              : sem_post_asm.o67 (.bios)
                  00012ae0    000000e0     biosC6000.a67 : clk_meas.o67 (.bios)
                  00012bc0    000000c0     bios.a67 : knl_ipos.o67 (.bios)
                  00012c80    000000c0              : knl_post.o67 (.bios)
                  00012d40    000000c0              : lck.o67 (.bios)
                  00012e00    000000c0              : sys_exit.o67 (.bios)
                  00012ec0    000000c0     biosC6000.a67 : clk_htime.o67 (.bios)
                  00012f80    00000080     bios.a67 : fxn.o67 (.bios)
                  00013000    00000080              : idl_busy.o67 (.bios)
                  00013080    00000080              : log.o67 (.bios)
                  00013100    00000080              : sts.o67 (.bios)
                  00013180    00000080     biosC6000.a67 : idl_cal.o67 (.bios)
                  00013200    00000060     bios.a67 : sys_erro.o67 (.bios:.near)
                  00013260    00000060              : hwi_c.o67 (.bios)
                  000132c0    00000060              : sem_pend_counting.o67 (.bios)
                  00013320    00000060              : sys_abor.o67 (.bios)
                  00013380    00000060              : utl_putc.o67 (.bios)
                  000133e0    00000060     biosC6000.a67 : clk_start.o67 (.bios)
                  00013440    00000040     bios.a67 : idl_stub.o67 (.bios)
                  00013480    00000040              : rta_andn.o67 (.bios)
                  000134c0    00000040              : utl_doab.o67 (.bios)
                  00013500    00000040     biosC6000.a67 : clk_stop.o67 (.bios)
                  00013540    00000020     bios.a67 : fxn_c.o67 (.bios)
                  00013560    00000020              : gbl_vers.o67 (.bios)
                  00013580    00000020              : idl.o67 (.bios)
                  000135a0    00000020              : sts_set.o67 (.bios)
                  000135c0    00000020              : utl_doer.o67 (.bios)
                  000135e0    00000020              : utl_halt.o67 (.bios)

.far       0    00013600    000015f4     UNINITIALIZED
                  00013600    00001028     enhance.obj (.far)
                  00014628    00000188     rts6700.lib : atexit.obj (.far)
                  000147b0    000000f4     csl6713.lib : csl_irq.obj (.far)
                  000148a4    000000d8     bios.a67 : knl.o67 (.far)
                  0001497c    0000005c              : tsk.o67 (.far)
                  000149d8    00000054              : obj_init.o67 (.far)
                  00014a2c    00000050              : tsk_stup.o67 (.far)
                  00014a7c    00000004     rts6700.lib : errno.obj (.far)
                  00014a80    00000040                 : cos.obj (.far)
                  00014ac0    00000040                 : sin.obj (.far)
                  00014b00    00000038     csl6713.lib : csl_mcbsp.obj (.far)
                  00014b38    00000030     rts6700.lib : exp.obj (.far)
                  00014b68    00000028     dsk6713bslccsv4.lib : dsk6713_aic23_registers.obj (.far)
                  00014b90    00000020     bios.a67 : sys.o67 (.far)
                  00014bb0    00000010              : knl_tick.o67 (.far)
                  00014bc0    0000000c              : utl_putc.o67 (.far)
                  00014bcc    0000000c     rts6700.lib : exit.obj (.far)
                  00014bd8    00000008                 : _lock.obj (.far)
                  00014be0    00000008                 : divd.obj (.far)
                  00014be8    00000008                 : divf.obj (.far)
                  00014bf0    00000004                 : sinit.obj (.far)

.args      0    00014bf4    00000004     
                  00014bf4    00000004     --HOLE-- [fill = 0]

.cinit     0    00014bf8    0000121c     
                  00014bf8    000005ac     dsp_bios_cfg.obj (.cinit)
                  000151a4    00000004     --HOLE-- [fill = 0]
                  000151a8    0000026c     bios.a67 : biosdata.o67 (.cinit)
                  00015414    00000004     --HOLE-- [fill = 0]
                  00015418    000001a4              : knl.o67 (.cinit)
                  000155bc    00000004     --HOLE-- [fill = 0]
                  000155c0    0000019c     enhance.obj (.cinit)
                  0001575c    00000004     --HOLE-- [fill = 0]
                  00015760    0000012c     csl6713.lib : csl_irq.obj (.cinit)
                  0001588c    00000004     --HOLE-- [fill = 0]
                  00015890    000000b0     bios.a67 : swi.o67 (.cinit)
                  00015940    00000070              : tsk.o67 (.cinit)
                  000159b0    00000060              : tsk_stup.o67 (.cinit)
                  00015a10    0000005c     lnkrtdx.a67 : rtdx.o67 (.cinit)
                  00015a6c    00000004     --HOLE-- [fill = 0]
                  00015a70    00000054     csl6713.lib : csl_mcbsp.obj (.cinit)
                  00015ac4    00000004     --HOLE-- [fill = 0]
                  00015ac8    0000004c     bios.a67 : rta.o67 (.cinit)
                  00015b14    00000004     --HOLE-- [fill = 0]
                  00015b18    0000004c     rtdx.lib : buffer1.o62 (.cinit)
                  00015b64    00000004     --HOLE-- [fill = 0]
                  00015b68    00000048     rts6700.lib : cos.obj (.cinit)
                  00015bb0    00000048                 : sin.obj (.cinit)
                  00015bf8    00000040                 : exp.obj (.cinit)
                  00015c38    00000034     bios.a67 : hwi.o67 (.cinit)
                  00015c6c    00000004     --HOLE-- [fill = 0]
                  00015c70    00000030     dsk6713bslccsv4.lib : dsk6713_aic23_registers.obj (.cinit)
                  00015ca0    0000002c     bios.a67 : utl_putc.o67 (.cinit)
                  00015ccc    00000004     --HOLE-- [fill = 0]
                  00015cd0    0000002c     rts6700.lib : exit.obj (.cinit)
                  00015cfc    00000004     --HOLE-- [fill = 0]
                  00015d00    00000024     bios.a67 : obj_init.o67 (.cinit)
                  00015d24    00000004     --HOLE-- [fill = 0]
                  00015d28    0000001c              : sys.o67 (.cinit)
                  00015d44    00000004     --HOLE-- [fill = 0]
                  00015d48    0000001c     rts6700.lib : _lock.obj (.cinit)
                  00015d64    00000004     --HOLE-- [fill = 0]
                  00015d68    0000001c                 : atexit.obj (.cinit)
                  00015d84    00000004     --HOLE-- [fill = 0]
                  00015d88    00000018     bios.a67 : knl_tick.o67 (.cinit)
                  00015da0    00000010     rts6700.lib : divd.obj (.cinit)
                  00015db0    00000010                 : divf.obj (.cinit)
                  00015dc0    0000000c     bios.a67 : gbl_setL2CacheMode.o67 (.cinit)
                  00015dcc    00000004     --HOLE-- [fill = 0]
                  00015dd0    0000000c              : idl_busy.o67 (.cinit)
                  00015ddc    00000004     --HOLE-- [fill = 0]
                  00015de0    0000000c              : knl_swit.o67 (.cinit)
                  00015dec    00000004     --HOLE-- [fill = 0]
                  00015df0    0000000c     rts6700.lib : errno.obj (.cinit)
                  00015dfc    00000004     --HOLE-- [fill = 0]
                  00015e00    0000000c                 : sinit.obj (.cinit)
                  00015e0c    00000004     --HOLE-- [fill = 0]
                  00015e10    00000004     (.pad.cinit) [fill = 0]

.pinit     0    00015e14    0000000c     
                  00015e14    00000004     rtdx.lib : buffer1.o62 (.pinit)
                  00015e18    00000004              : rtdx_mon.o62 (.pinit)
                  00015e1c    00000004     --HOLE-- [fill = 0]

.rtdx_text 
*          0    00015e20    00000ea0     
                  00015e20    00000400     rtdx.lib : rtdx_mon.o62 (.rtdx_text:_RTDX_Poll)
                  00016220    00000340              : buffer1.o62 (.rtdx_text:_RTDX_Buffer_WriteCB)
                  00016560    00000300              : buffer1.o62 (.rtdx_text:_RTDX_write_next)
                  00016860    00000140              : rtdx_mon.o62 (.rtdx_text:_RTDX_Mon_Queue)
                  000169a0    000000e0              : buffer1.o62 (.rtdx_text:_claim)
                  00016a80    00000080              : rtdx_mon.o62 (.rtdx_text:_RTDX_Init_RT_Monitor)
                  00016b00    00000060              : buffer1.o62 (.rtdx_text:_RTDX_Buffer_Initialize)
                  00016b60    00000060              : buffer2.o62 (.rtdx_text:_RTDX_Buffer_ReadCB)
                  00016bc0    00000040              : buffer1.o62 (.rtdx_text:_RTDX_Buffer_Size)
                  00016c00    00000040              : rtdx_mon.o62 (.rtdx_text:_RTDX_Final_RT_Monitor)
                  00016c40    00000020              : buffer2.o62 (.rtdx_text:_RTDX_Buffer_Read)
                  00016c60    00000020              : buffer1.o62 (.rtdx_text:_RTDX_Buffer_Write)
                  00016c80    00000020              : rtdx_mon.o62 (.rtdx_text:_RTDX_checksum)
                  00016ca0    00000020              : intr_tgt.o62 (.rtdx_text)

.sysinit   0    00016cc0    00000520     
                  00016cc0    000002e0     dsp_bios_cfg.obj (.sysinit)
                  00016fa0    000000e0     bios.a67 : mem_init.o67 (.sysinit)
                  00017080    000000c0              : boot.o67 (.sysinit)
                  00017140    00000080              : tsk_init.o67 (.sysinit)
                  000171c0    00000020              : obj_init.o67 (.sysinit)

.rtdx_data 
*          0    000171e0    0000044c     UNINITIALIZED
                  000171e0    00000410     dsp_bios_cfg.obj (.rtdx_data)
                  000175f0    00000020     rtdx.lib : buffer1.o62 (.rtdx_data)
                  00017610    0000001c              : rtdx_mon.o62 (.rtdx_data)

.bss       0    0001762c    0000040e     UNINITIALIZED
                  0001762c    00000100     bios.a67 : hwi_disp_asm.o67 (.bss)
                  0001772c    000000cc              : biosdata.o67 (.bss)
                  000177f8    000000c0     enhance.obj (.bss)
                  000178b8    0000009c     bios.a67 : swi.o67 (.bss)
                  00017954    00000048              : knl.o67 (.bss)
                  0001799c    00000028     dsp_bios_cfg.obj (.bss)
                  000179c4    00000018     bios.a67 : hwi.o67 (.bss)
                  000179dc    00000018     lnkrtdx.a67 : rtdx.o67 (.bss)
                  000179f4    00000010     rtdx.lib : buffer1.o62 (.bss)
                  00017a04    0000000c     bios.a67 : tsk.o67 (.bss)
                  00017a10    00000008              : clk_data.o67 (.bss)
                  00017a18    00000008              : sys.o67 (.bss)
                  00017a20    00000008     dsk6713bslccsv4.lib : dsk6713_aic23_opencodec.obj (.bss)
                  00017a28    00000004     bios.a67 : clk_data2.o67 (.bss)
                  00017a2c    00000004              : gbl_setL2CacheMode.o67 (.bss)
                  00017a30    00000004              : idl_busy.o67 (.bss)
                  00017a34    00000004              : mem_asm.o67 (.bss)
                  00017a38    00000002     dsk6713bslccsv4.lib : dsk6713.obj (.bss)

.mem       0    00017a3c    00000004     UNINITIALIZED
                  00017a3c    00000004     dsp_bios_cfg.obj (.mem)

.TSK_idle$stk 
*          0    00017a40    00000400     UNINITIALIZED
                  00017a40    00000400     dsp_bios_cfg.obj (.TSK_idle$stk)

.stack     0    00017e40    00000400     UNINITIALIZED
                  00017e40    00000400     --HOLE--

.trace     0    00018240    00000200     
                  00018240    00000200     --HOLE-- [fill = 00000000]

.const     0    00018440    00000101     
                  00018440    0000004e     bios.a67 : tsk_stup.o67 (.const)
                  0001848e    00000002     --HOLE-- [fill = 0]
                  00018490    00000040     dsk6713bslccsv4.lib : dsk6713_aic23_opencodec.obj (.const)
                  000184d0    00000023     bios.a67 : utl_doab.o67 (.const)
                  000184f3    00000022              : utl_doer.o67 (.const)
                  00018515    00000003     --HOLE-- [fill = 0]
                  00018518    00000020     dsk6713bslccsv4.lib : dsk6713.obj (.const)
                  00018538    00000004     bios.a67 : mem_allo.o67 (.const)
                  0001853c    00000004              : mem_free.o67 (.const)
                  00018540    00000001              : tsk.o67 (.const)

.printf    0    00018541    0000003f     COPY SECTION
                  00018541    0000003f     dsp_bios_cfg.obj (.printf)

.tsk       0    00018544    00000060     UNINITIALIZED
                  00018544    00000060     dsp_bios_cfg.obj (.tsk)

.switch    0    000185a4    00000058     
                  000185a4    00000030     enhance.obj (.switch)
                  000185d4    00000028     rtdx.lib : rtdx_mon.o62 (.switch)

.LOG_system$buf 
*          0    00018600    00000100     UNINITIALIZED
                  00018600    00000100     dsp_bios_cfg.obj (.LOG_system$buf)

.hst0      0    00018700    00000100     UNINITIALIZED
                  00018700    00000100     dsp_bios_cfg.obj (.hst0)

.pip       0    00018800    000000c8     UNINITIALIZED
                  00018800    000000c8     dsp_bios_cfg.obj (.pip)

.gblinit   0    000188c8    00000040     
                  000188c8    00000040     dsp_bios_cfg.obj (.gblinit)

.hst       0    00018908    0000003c     UNINITIALIZED
                  00018908    0000003c     dsp_bios_cfg.obj (.hst)

.sts       0    00018944    00000030     
                  00018944    00000030     dsp_bios_cfg.obj (.sts)

.swi       0    00018974    0000002c     UNINITIALIZED
                  00018974    0000002c     dsp_bios_cfg.obj (.swi)

.log       0    000189a0    00000018     
                  000189a0    00000018     dsp_bios_cfg.obj (.log)

.hst1      0    000189b8    00000010     UNINITIALIZED
                  000189b8    00000010     dsp_bios_cfg.obj (.hst1)

.idl       0    000189c8    00000010     UNINITIALIZED
                  000189c8    00000010     dsp_bios_cfg.obj (.idl)

.idlcal    0    000189d8    00000010     UNINITIALIZED
                  000189d8    00000010     dsp_bios_cfg.obj (.idlcal)

.sys       0    000189e8    00000010     UNINITIALIZED
                  000189e8    00000010     dsp_bios_cfg.obj (.sys)

.trcdata   0    000189f8    0000000c     
                  000189f8    0000000c     bios.a67 : trc.o67 (.trcdata)

.clk       0    00018a04    00000008     UNINITIALIZED
                  00018a04    00000008     dsp_bios_cfg.obj (.clk)


GLOBAL SYMBOLS: SORTED ALPHABETICALLY BY Name 

address    name
--------   ----
0001762c   $bss
0001762c   .bss
00000000   .data
00008200   .text
00016e7c   BIOS$$CLKOFF
00016e3c   BIOS$$CLKON
00016cc0   BIOS_init
00016ee4   BIOS_start
00000000   BUF$
00000001   BUF_ENABLED
00000001   CLK$
00018a04   CLK_A_TABBEG
00000001   CLK_CALDIV
00000004   CLK_CALMULT
0000dbba   CLK_COUNTSPMS
00000000   CLK_COUNTSPMSHIGH
00017754   CLK_D_idletime
00017750   CLK_D_isrhook
0001774c   CLK_D_tabbeg
00017748   CLK_D_timefxn
00012ec0   CLK_F_getfhtime
00012ee0   CLK_F_gethtime
00011fc0   CLK_F_getltime
00012ee0   CLK_F_getshtime
00011fd4   CLK_F_isr
00012134   CLK_F_itime
0000fc60   CLK_HOOKFXN
00000001   CLK_HTIMEDIV
00000004   CLK_HTIMEMULT
0000dbba   CLK_HTIMEPERLTIME
00004000   CLK_INTBIT
00000001   CLK_LTIMEDIV
00036ee8   CLK_LTIMEMULT
000003e8   CLK_MICROSECS
0000dbba   CLK_PRD
00000000   CLK_PRDHIGH
01940000   CLK_REGS
00017744   CLK_R_time
00000020   CLK_TCR
00000000   CLK_TDDR
00000000   CLK_TDDRHIGH
00012ee0   CLK_TIMEFXN
00000000   CLK_TIMERNUM
00000001   CLK_USETIMER
00018a08   CLK_null
00000000   DEV$
00000000   DGN$
00000000   DHL$
00000000   DHL_gChannelsAvailable
00000000   DIO$
00000000   DIO_NUMSWIBASE
00000000   DIO_NUMTSKBASE
00000000   DIO_STATIC
00000000   DPI$
00012f80   FXN_F_nop
00012f88   FXN_F_run
00012fd8   FXN_F_zero
00000001   GBL$
00005205   GBL_A_VERSION
00000000   GBL_BIGENDIAN
00000000   GBL_C641XL2PRIORITY
00000000   GBL_CACHE
00000001   GBL_CALLCSLCFGINIT
00004e20   GBL_CLKIN
00001770   GBL_CLKTYPE
00001a39   GBL_DSPSUBTYPE
0000003e   GBL_DSPTYPE
00000001   GBL_ENABLEINST
00000042   GBL_FOOTPRINT
00036ee8   GBL_FREQ
00002226   GBL_L2ALLOC
00000000   GBL_L2CONFIGALLOC
00000001   GBL_L2CONFIGURE
00000001   GBL_L2MARMASK
00000000   GBL_L2MARMASK1
00000000   GBL_L2MARMASK2
00000000   GBL_L2MARMASK3
00000000   GBL_L2MARMASK4
00000000   GBL_L2MARMASK5
00000000   GBL_L2MODE
00000000   GBL_L2PRIORITY
00000000   GBL_NULL
00000000   GBL_PROCID
00000000   GBL_ROM
00000000   GBL_SUPPORTCSL
0000dbef   GBL_TRCMASKVALUE
00000001   GBL_USERINIT
0000d9e8   GBL_USERINITFXN
00000001   GBL_boot
00018a00   GBL_initdone
00017e40   GBL_stackbeg
0001823f   GBL_stackend
00000000   GIO$
00013540   GIO_CREATEFXN
00013540   GIO_DELETEFXN
00013540   GIO_PENDFXN
00013540   GIO_POSTFXN
00000000   HOOK$
00000000   HOOK_KNLID
00000001   HST$
00018908   HST_A_TABBEG
00018944   HST_A_TABEND
00000000   HST_DSM
000179a8   HST_DSMBUFSEG
00000400   HST_DSMMEMSIZE
000177c0   HST_D_chanmask
000177c4   HST_D_tabbeg
000177c8   HST_D_tabend
000000ff   HST_MAXFRAMEALLOWED
00000040   HST_MAXFRAMESET
00000000   HST_NONE
00000001   HST_RTDX
00000001   HWI$
00000000   HWI_A_VECS
00004018   HWI_CFGDISPATCHED
000179d4   HWI_D_bss
000179d8   HWI_D_ccmask
000179c4   HWI_D_spsave
0000fc60   HWI_F_dispatch
00000000   HWI_GENERATE_RESET_VEC
0000000a   HWI_INT10
00000000   HWI_INT10$hwi
0000000b   HWI_INT11
00000000   HWI_INT11$hwi
0000000c   HWI_INT12
00000000   HWI_INT12$hwi
0000000d   HWI_INT13
00000000   HWI_INT13$hwi
0000000e   HWI_INT14
00000000   HWI_INT14$hwi
0000000f   HWI_INT15
00000000   HWI_INT15$hwi
00000004   HWI_INT4
00000000   HWI_INT4$hwi
00000005   HWI_INT5
00000000   HWI_INT5$hwi
00000006   HWI_INT6
00000000   HWI_INT6$hwi
00000007   HWI_INT7
00000000   HWI_INT7$hwi
00000008   HWI_INT8
00000000   HWI_INT8$hwi
00000009   HWI_INT9
00000000   HWI_INT9$hwi
082039a3   HWI_INTRMULTHIGH
310718af   HWI_INTRMULTLOW
00000001   HWI_NMI
00000000   HWI_NMI$hwi
00000000   HWI_POLARITYMASK
00000002   HWI_RESERVED0
00000000   HWI_RESERVED0$hwi
00000003   HWI_RESERVED1
00000000   HWI_RESERVED1$hwi
00000000   HWI_RESET
00000000   HWI_RESET$hwi
00000001   HWI_ZEROTAB
00000001   IDL$
000189d8   IDL_A_CALBEG
000189c8   IDL_A_TABBEG
00000006   IDL_CALIBRERROR
00013440   IDL_CALIBRFXN
00017a30   IDL_D_busyObj
00017734   IDL_D_calbeg
00017730   IDL_D_calibrate
0001772c   IDL_D_tabbeg
000189d4   IDL_END
000189e4   IDL_END$
00013000   IDL_F_busy
00013180   IDL_F_calibrate
00013580   IDL_F_loop
00013440   IDL_F_stub
00000001   IDL_USECLKIDLTIME
00018968   IDL_busyObj
0001857b   IDL_busyObj$avgfmt
00000001   IDL_busyObj$filter
00000001   IDL_busyObj$iA
00000000   IDL_busyObj$iB
00000001   IDL_busyObj$iC
00018575   IDL_busyObj$maxfmt
00000000   IDL_busyObj$operation
00018964   IDL_busyObj$stsobj
00018578   IDL_busyObj$sumfmt
00000002   IDL_busyObj$unittype
000189c8   IDL_cpuLoad
000189d8   IDL_cpuLoad$
000179a8   IRAM
00000200   IRAM$B
00008000   IRAM$L
00000001   ISRC$
00011f80   KNL_glue
00018974   KNL_swi
00000001   KNL_swi$dorta
00000000   KNL_swi$ord
00000000   KNL_swi$pri
00018948   KNL_swi$sts
00018551   KNL_swi$sts$avgfmt
00000002   KNL_swi$sts$filter
00000001   KNL_swi$sts$filtmaxmult
00000001   KNL_swi$sts$filtsummult
00018541   KNL_swi$sts$maxfmt
00018944   KNL_swi$sts$stsobj
00018549   KNL_swi$sts$sumfmt
00000000   KNL_swi$sts$unittype
00000000   KNL_swi$swi
00000001   LCK$
0000eb40   LNK_F_checkBufferCall
0000ebc0   LNK_F_dataPump
0000eb60   LNK_F_getChanPtr
0000ebb8   LNK_F_init
0000f104   LNK_F_readCallBack
000189cc   LNK_dataPump
000189dc   LNK_dataPump$
000179e0   LNK_dspFrameReadyMask
000179dc   LNK_dspFrameRequestMask
0000ee60   LNK_newin
0000efa0   LNK_newout
0000ebd4   LNK_rcloop
0000eca0   LNK_rdrtry
000179e8   LNK_readDone
000179ec   LNK_readFail
000179e4   LNK_readPend
0000ecb0   LNK_rrloop
000179f0   LNK_writeFail
0000ed84   LNK_wrloop
0000ed74   LNK_wrrtry
00000001   LOG$
000189a0   LOG_A_TABBEG
000189b8   LOG_A_TABEND
00000001   LOG_A_TABLEN
00017738   LOG_D_system
00000001   LOG_ENABLED
00013080   LOG_F_event
000189a0   LOG_system
00018600   LOG_system$buf
00000000   LOG_system$datatype
00000000   LOG_system$log
00000040   LOG_system$size
00000000   MBX$
00000001   MEM$
000179a8   MEM_MALLOCSEG
00000000   MEM_NULL
000179a8   MEM_SEGZERO
00000000   MEM_USEMPC
00000001   MEM_gNumHeap
00000000   MSGQ$
00000000   MSGQ_USEMSGQ
00000000   OBJ$
00000000   PIP$
00018800   PIP_A_TABBEG
000188c8   PIP_A_TABEND
00000002   PIP_A_TABLEN
0001773c   PIP_D_tabbeg
00017740   PIP_D_tablen
00011834   PIP_F_give
00011834   PIP_F_probe
00011908   PIP_F_start
000117a0   PIP_F_take
00000064   PIP_OBJSIZE
00000000   PIP_gNextId
00000002   PIP_gNumEmbed
00000000   POOL$
00000000   POOL_USEPOOL
00000001   PRD$
00000000   PRD_A_TABBEG
00000000   PRD_A_TABEND
00000000   PRD_A_TABLEN
0001777c   PRD_D_cur
00017780   PRD_D_elapsed
00017784   PRD_D_prevtim
00017788   PRD_D_scalar
0001778c   PRD_D_swihandle
00017790   PRD_D_tabbeg
00017794   PRD_D_tablen
00017798   PRD_D_thook
00017778   PRD_D_tick
000104a0   PRD_F_swi
00010760   PRD_F_tick
00004000   PRD_SCALAR
00000000   PRD_SWIHANDLE
00011540   PRD_THOOKFXN
00018a04   PRD_clock
00000001   QUE$
0001779c   RTA_D_fromHost
000177a4   RTA_D_logval
000177b4   RTA_D_stsval
000177a0   RTA_D_toHost
00013480   RTA_F_andn
00010bf8   RTA_F_dispatch
00010b00   RTA_F_getlog
00010b44   RTA_F_getsts
000134a0   RTA_F_or
00010b8c   RTA_F_readblk
00010bb8   RTA_F_resetmem
00010bac   RTA_F_writeword
000189d0   RTA_dispatcher
000189e0   RTA_dispatcher$
00010c48   RTA_execute
0001890c   RTA_fromHost
000189b8   RTA_fromHost$buf
00000004   RTA_fromHost$framesize
00000000   RTA_fromHost$hst
00000001   RTA_fromHost$id
00000000   RTA_fromHost$mode
00018800   RTA_fromHost$pipe
00018830   RTA_fromHost$pipe$aaa
00018860   RTA_fromHost$pipe$bbb
000179ac   RTA_fromHost$pipe$dtab
00018804   RTA_fromHost$pipe$rd
00018834   RTA_fromHost$pipe$wr
00018914   RTA_fromHost$rtdx
00018928   RTA_toHost
00018700   RTA_toHost$buf
00000040   RTA_toHost$framesize
00000000   RTA_toHost$hst
00000000   RTA_toHost$id
00000001   RTA_toHost$mode
00018864   RTA_toHost$pipe
00018894   RTA_toHost$pipe$aaa
000188c4   RTA_toHost$pipe$bbb
000179b8   RTA_toHost$pipe$dtab
00018868   RTA_toHost$pipe$rd
00018898   RTA_toHost$pipe$wr
00018930   RTA_toHost$rtdx
00000001   RTDX$
00000408   RTDX_BUFMEMSIZE
000179a8   RTDX_DATAMEMSEG
00000000   RTDX_MODE
00000001   RTDX_NORMALIZED_HDR
00000001   RTDX_USERTDX
00000000   RTDX_USERTEXECUTION
ffffffff   SDRAM
00000000   SEM$
00000000   SIO$
00000001   STS$
00018944   STS_A_TABBEG
00018974   STS_A_TABEND
00013138   STS_F_add
00013100   STS_F_delta
00013164   STS_F_reset
00000001   SWI$
00018974   SWI_A_TABBEG
000189a0   SWI_A_TABEND
00000001   SWI_A_TABLEN
000178d0   SWI_D_curfxn
000178c0   SWI_D_curmask
000178cc   SWI_D_curmbox
000178c4   SWI_D_curset
000178bc   SWI_D_execaddr
000178d8   SWI_D_inswi
000178c8   SWI_D_lock
000178d4   SWI_D_rdybeg
000178dc   SWI_D_rdytab
000178b8   SWI_D_runaddr
00000000   SWI_EHOOKFXN
0000f93c   SWI_EXECFXN
0000f720   SWI_F_enable
0000f93c   SWI_F_exec
0000f968   SWI_F_iexec
0000f790   SWI_F_post
0000f9f8   SWI_F_run
00000000   SWI_IHOOKFXN
0000f9f8   SWI_RUNFXN
00000001   SYS$
000189e8   SYS$config
000134c0   SYS_ABORTFXN
000135c0   SYS_ERRORFXN
000135e0   SYS_EXITFXN
00013380   SYS_PUTCFXN
000189fc   TRC_R_mask
000189f8   TRC_cinit
00000001   TSK$
00000000   TSK_NUM_HOOKS
00000001   TSK_PRIORITY
00000000   TSK_READYFXN
00000000   TSK_STACKSEG
00000400   TSK_STACKSIZE
00000000   TSK_SWITCHFXN
00013540   TSK_VCREATEFXN
00013540   TSK_VDELETEFXN
00013540   TSK_VEXITFXN
00018550   TSK_idle
00000000   TSK_idle$ord
00000000   TSK_idle$pri
00017a40   TSK_idle$stack
00017dd8   TSK_idle$stkptr
00018958   TSK_idle$sts
0001856b   TSK_idle$sts$avgfmt
00000002   TSK_idle$sts$filter
00000001   TSK_idle$sts$filtmaxmult
00000001   TSK_idle$sts$filtsummult
0001855b   TSK_idle$sts$maxfmt
00018954   TSK_idle$sts$stsobj
00018563   TSK_idle$sts$sumfmt
00000000   TSK_idle$sts$unittype
00000000   TSK_idle$tsk
00000000   UDEV$
00016cc0   _BIOS_init
00016ee4   _BIOS_start
0000dbba   _CLK_COUNTSPMS
00017a10   _CLK_DFLTMICROSECS
00017774   _CLK_D_countspms
00017768   _CLK_D_dirty
00017a14   _CLK_D_microseconds
0001776c   _CLK_D_prd
00017770   _CLK_D_tddr
00012134   _CLK_F_itime
0000dbba   _CLK_PRD
01940000   _CLK_REGS
00000000   _CLK_TDDR
00000000   _CLK_TIMERNUM
00000001   _CLK_USETIMER
00017758   _CLK_htimeDiv
0001775c   _CLK_htimeMult
00017a28   _CLK_htimePerLtime
00012134   _CLK_itime
00017760   _CLK_ltimeDiv
00017764   _CLK_ltimeMult
00012ae0   _CLK_measure
000133e0   _CLK_start
00013500   _CLK_stop
00013600   _Config
00017a20   _DSK6713_AIC23_codeccontrolhandle
00017a24   _DSK6713_AIC23_codecdatahandle
0000dc2c   _DSK6713_AIC23_config
0000cae0   _DSK6713_AIC23_openCodec
0000dc08   _DSK6713_AIC23_rget
0000db40   _DSK6713_AIC23_rset
0000be00   _DSK6713_getVersion
0000be50   _DSK6713_init
0000bd6c   _DSK6713_rget
0000bd58   _DSK6713_rset
00017a38   _DSK6713_version
0000bc80   _DSK6713_wait
0000bd24   _DSK6713_waitusec
00013540   _FXN_F_nop
00012f88   _FXN_F_run
00012fd8   _FXN_F_zero
00000000   _GBL_CACHE
000177d0   _GBL_clkIn
00012760   _GBL_cslCacheInit
000177d4   _GBL_freq
00013560   _GBL_getVersion
000177cc   _GBL_procId
0000d9e8   _GBL_setPLLto225MHz
00018908   _HST_A_TABBEG
00018944   _HST_A_TABEND
00004018   _HWI_CFGDISPATCHED
000179d0   _HWI_D_inhwi
000179c4   _HWI_D_spsave
0000fc60   _HWI_F_dispatch
0000000a   _HWI_INT10
0000000b   _HWI_INT11
0000000c   _HWI_INT12
0000000d   _HWI_INT13
0000000e   _HWI_INT14
0000000f   _HWI_INT15
00000004   _HWI_INT4
00000005   _HWI_INT5
00000006   _HWI_INT6
00000007   _HWI_INT7
00000008   _HWI_INT8
00000009   _HWI_INT9
00000001   _HWI_NMI
00000002   _HWI_RESERVED0
00000003   _HWI_RESERVED1
00000000   _HWI_RESET
00018238   _HWI_STKBOTTOM
00017e40   _HWI_STKTOP
000179c4   _HWI_data
00013260   _HWI_disable
0001762c   _HWI_dispatchTab
00013278   _HWI_enable
0001328c   _HWI_restore
0001783c   _H_Codec
00018968   _IDL_busyObj
000189c8   _IDL_cpuLoad
00013580   _IDL_loop
000179a8   _IRAM
00000200   _IRAM_base
00008000   _IRAM_length
0000d4c0   _IRQ_map
00009d54   _ISR_AIC
000178b4   _K
0001795c   _KNL_alarm
00012620   _KNL_check
00017980   _KNL_curqueue
00017970   _KNL_curtask
00017978   _KNL_curtime
00014944   _KNL_dummy
00012894   _KNL_enter
00012840   _KNL_exit
000126f8   _KNL_idle
00017998   _KNL_idlefxn
00017964   _KNL_inactive
00012bc0   _KNL_ipost
0001271c   _KNL_max
00017984   _KNL_maxqueue
00012c80   _KNL_post
00017974   _KNL_prevtask
00017968   _KNL_priority
000148a4   _KNL_queues
00010840   _KNL_run
00011e00   _KNL_saveIsrFrame
0001796c   _KNL_set
00017960   _KNL_setpri
00018974   _KNL_swi
0001797c   _KNL_swiptr
00011ecc   _KNL_switch
0001798c   _KNL_tcreatefxn
00017990   _KNL_tdeletefxn
00011540   _KNL_tick
00017994   _KNL_treadyfxn
00017988   _KNL_tswitchfxn
00017954   _KNL_wFlag
00017958   _KNL_wList
00012d70   _LCK_pend
00012d40   _LCK_post
000189cc   _LNK_dataPump
000179e0   _LNK_dspFrameReadyMask
000179dc   _LNK_dspFrameRequestMask
000179e8   _LNK_readDone
000179ec   _LNK_readFail
000179e4   _LNK_readPend
000179f0   _LNK_writeFail
000189a0   _LOG_A_TABBEG
000189b8   _LOG_A_TABEND
00000001   _LOG_A_TABLEN
00017738   _LOG_D_system
00013080   _LOG_event
000189a0   _LOG_system
0000e160   _MCBSP_open
0000d680   _MCBSP_reset
0000e260   _MCBSP_start
00017a34   _MEM
000177d8   _MEM_D_NUMSEGMENTS
000177e0   _MEM_D_freelist
000177e4   _MEM_D_lockaddr
000177dc   _MEM_D_memtab
000177e8   _MEM_D_unlockaddr
00011080   _MEM_alloc
00011560   _MEM_free
00016fa0   _MEM_init
0001799c   _MEM_memtab
0001786c   _N
000171c0   _OBJ_init
00014a10   _OBJ_segtab
000149d8   _OBJ_table
00017858   _P
00018800   _PIP_A_TABBEG
000188c8   _PIP_A_TABEND
0001785c   _PP
00017778   _PRD_D_tick
00018a04   _PRD_clock
00008200   _ProcVswitch
00017824   _RNR_threhold
00017878   _RNRbuffer
000189d0   _RTA_dispatcher
0001890c   _RTA_fromHost
00018928   _RTA_toHost
000171e0   _RTDX_Buffer
000175ec   _RTDX_Buffer_End
00016b00   _RTDX_Buffer_Initialize
00016c40   _RTDX_Buffer_Read
00016b60   _RTDX_Buffer_ReadCB
00016bc0   _RTDX_Buffer_Size
000175e8   _RTDX_Buffer_Start
00016c60   _RTDX_Buffer_Write
00016220   _RTDX_Buffer_WriteCB
00016c00   _RTDX_Final_RT_Monitor
00016a80   _RTDX_Init_RT_Monitor
00000002   _RTDX_JTAGONLY
00016ca0   _RTDX_Mask_IER
00016860   _RTDX_Mon_Queue
00015e20   _RTDX_Poll
00000000   _RTDX_interrupt_mask
000175fc   _RTDX_writing
ffffffff   _SDRAM
000132c0   _SEM_pend
00010dc0   _SEM_pendEnterKnl
00012a00   _SEM_post
00012a00   _SEM_postBinary
00012920   _SEM_postEnterKnl
0001780c   _SNRtmp
00018944   _STS_A_TABBEG
00018974   _STS_A_TABEND
00013138   _STS_add
00013100   _STS_delta
00013164   _STS_reset
000135a0   _STS_set
000178d0   _SWI_D_curfxn
000178c0   _SWI_D_curmask
000178c4   _SWI_D_curset
000178bc   _SWI_D_execaddr
000178d8   _SWI_D_inswi
000178c8   _SWI_D_lock
000178d4   _SWI_D_rdybeg
000178b8   _SWI_D_runaddr
000178b8   _SWI_data
0000f790   _SWI_post
000177ec   _SYS
00018240   _SYS_PUTCBEG
0001843f   _SYS_PUTCEND
00013320   _SYS_abort
00013200   _SYS_error
00012e00   _SYS_exit
00014b90   _SYS_exitStack
00017a18   _SYS_exitStackPtr
00017a1c   _SYS_exitStackTop
000189fc   _TRC_R_mask
00017a0c   _TSK
0001497c   _TSK_ATTRS
00014998   _TSK_config
00012180   _TSK_exit
00018550   _TSK_idle
00017140   _TSK_init
00017a04   _TSK_nTasks
00017a08   _TSK_pid
00011c00   _TSK_setup
00012560   _TSK_startup
000149b8   _TSK_timerSem
000134c0   _UTL_doAbort
000135c0   _UTL_doError
00013380   _UTL_doPutc
000135e0   _UTL_halt
00012150   __CLK_lat1beg
0001217c   __CLK_lat1end
0000f574   __GBL_setL2CacheMode
000177f4   __HOOK_NUMHOOKS
000177f0   __HOOK_knlId
0000fc60   __HWI_lat1beg
0000fde0   __HWI_lat1end
0000fde0   __HWI_lat2beg
0000ff80   __HWI_lat2end1
0000ff0c   __HWI_lat2end2
0000ffa0   __HWI_lat3beg
000100a0   __HWI_lat3end1
0000ff3c   __HWI_lat3end2
00013000   __IDL_lat1beg
00013050   __IDL_lat1end
0001489c   __IRQ_dispatchTable
000147d8   __IRQ_eventTable
0000eb20   __IRQ_hookFetchPacket
0001485c   __IRQ_intTable
00012670   __KNL_lat1beg
000126f8   __KNL_lat1end
00013080   __LOG_lat1beg
00014b30   __MCBSP_hDev0
00014b34   __MCBSP_hDev1
00014a54   __MEM_mutex
00010bb8   __RTA_lat1beg
00010bf0   __RTA_lat1end
000119e0   __SEM_dopost
00000400   __STACK_SIZE
0000f8cc   __SWI_lat1beg
0000f980   __SWI_lat1end
0000f984   __SWI_lat2beg
0000f9f4   __SWI_lat2end
0000f720   __SWI_lat3beg
0000f78c   __SWI_lat3end
00014a2c   __TSK_mutex
00014bd4   ___TI_enable_exit_profile_output
ffffffff   ___TI_pprof_out_hndl
ffffffff   ___TI_prof_data_size
ffffffff   ___TI_prof_data_start
0000e9c0   ___add_dtor
00014628   ___atexit_func_id__
ffffffff   ___binit__
0001762c   ___bss__
ffffffff   ___c_args__
00014bf8   ___cinit__
00000000   ___data__
00000000   ___edata__
00017a3a   ___end__
0000eb40   ___etext__
00015e14   ___pinit__
00008200   ___text__
00012320   __auto_init
00014bcc   __cleanup_ptr
00009e00   __divd
0000b660   __divf
00014bd0   __dtors_ptr
0000c100   __frcmpyd_div
0000e460   __frcmpyf_div
00014bd8   __lock
0000e880   __mpyll
0000eac0   __nop
0000e540   __nround
0000eae0   __register_lock
0000eb00   __register_unlock
00017e40   __stack
0000dcc0   __strasgi
0000ea80   __trunc
00014bdc   __unlock
0000b4f4   _aimag
000177f8   _alpha
00017804   _alphathresholdhigh
00017800   _alphathresholdlow
000177fc   _alphatmp
0000e360   _atexit
0000a760   _bitrev
00017080   _c_int00
0000afe0   _cabs
0000b0e4   _cadd
0000de00   _call_dtors
00010408   _calloc
0000b308   _cdiv
0000b52c   _cexp
0000b050   _cmplx
0000b1fc   _cmul
00009ca8   _complex_min
0000b090   _conjg
0000c480   _cos
0001789c   _cpufrac
0000b170   _csub
00017838   _delta
0000aca8   _dft
0000a960   _dftmerge
00014bf0   _dtors
00017808   _enchance6
00014a7c   _errno
0000cdc0   _exp
0000ab58   _fft
000178a8   _frame_count
00017868   _frame_mag
00013628   _frame_min_buffer
000178a4   _frame_ptr
000100c0   _free
0000df20   _frexp
00017820   _gain_var
0000abac   _ifft
00017818   _in_filt
00017840   _inbuffer
0001784c   _inframe
00017894   _ingain
00009774   _init_HWI
000096c8   _init_buffer
00009620   _init_hardware
00017860   _inwin
000178a0   _io_ptr
00017810   _lambda
00017870   _last_N
00017850   _last_P
00017854   _last_PP
0001787c   _last_frame
00017874   _last_frame_mag
00017880   _last_last_frame
0000d820   _ldexp
0001788c   _local_min
00009800   _main
000100ec   _malloc
000102b4   _memalign
0000d040   _memcpy
0000e040   _memset
000178ac   _min_buffer_index
00017828   _min_frame_rate
0000e700   _modf
0000e69c   _mono_read_16Bit
0000e674   _mono_write_16Bit
000178b0   _noise_amp
00017884   _out_buff
0001781c   _out_filt
00017844   _outbuffer
00017848   _outframe
00017898   _outgain
00017864   _outwin
00017830   _prob_const
0000934c   _process_frame
0000b424   _rdiv
0000b4bc   _real
00010170   _realloc
0000b29c   _rmul
000179fc   _rtdxNullChanCnt
00017a00   _rtdxNullFuncCnt
000175f0   _rtdx_buffer_state
00017610   _rtdx_mon_state
0000a7ec   _shuffle
0000c7c0   _sin
00017888   _speech_prob
0001782c   _speech_thres
0000d280   _sqrt
0000e648   _stereo_read_16Bit
0000e620   _stereo_write_16Bit
00017834   _sub_const
00017890   _subfactor
0000a700   _swap
00017814   _tau
0000d9c0   _wait500nS
ffffffff   binit
00014bf8   cinit
00000000   edata
00017a3a   end
0000eb40   etext
00000000   hwi0
00000020   hwi1
00000140   hwi10
00000160   hwi11
00000180   hwi12
000001a0   hwi13
000001c0   hwi14
000001e0   hwi15
00000040   hwi2
00000060   hwi3
00000080   hwi4
000000a0   hwi5
000000c0   hwi6
000000e0   hwi7
00000100   hwi8
00000120   hwi9
00015e14   pinit


GLOBAL SYMBOLS: SORTED BY Symbol Address 

address    name
--------   ----
00000000   .data
00000000   BUF$
00000000   CLK_COUNTSPMSHIGH
00000000   CLK_PRDHIGH
00000000   CLK_TDDR
00000000   CLK_TDDRHIGH
00000000   CLK_TIMERNUM
00000000   DEV$
00000000   DGN$
00000000   DHL$
00000000   DHL_gChannelsAvailable
00000000   DIO$
00000000   DIO_NUMSWIBASE
00000000   DIO_NUMTSKBASE
00000000   DIO_STATIC
00000000   DPI$
00000000   GBL_BIGENDIAN
00000000   GBL_C641XL2PRIORITY
00000000   GBL_CACHE
00000000   GBL_L2CONFIGALLOC
00000000   GBL_L2MARMASK1
00000000   GBL_L2MARMASK2
00000000   GBL_L2MARMASK3
00000000   GBL_L2MARMASK4
00000000   GBL_L2MARMASK5
00000000   GBL_L2MODE
00000000   GBL_L2PRIORITY
00000000   GBL_NULL
00000000   GBL_PROCID
00000000   GBL_ROM
00000000   GBL_SUPPORTCSL
00000000   GIO$
00000000   HOOK$
00000000   HOOK_KNLID
00000000   HST_DSM
00000000   HST_NONE
00000000   HWI_A_VECS
00000000   HWI_GENERATE_RESET_VEC
00000000   HWI_INT10$hwi
00000000   HWI_INT11$hwi
00000000   HWI_INT12$hwi
00000000   HWI_INT13$hwi
00000000   HWI_INT14$hwi
00000000   HWI_INT15$hwi
00000000   HWI_INT4$hwi
00000000   HWI_INT5$hwi
00000000   HWI_INT6$hwi
00000000   HWI_INT7$hwi
00000000   HWI_INT8$hwi
00000000   HWI_INT9$hwi
00000000   HWI_NMI$hwi
00000000   HWI_POLARITYMASK
00000000   HWI_RESERVED0$hwi
00000000   HWI_RESERVED1$hwi
00000000   HWI_RESET
00000000   HWI_RESET$hwi
00000000   IDL_busyObj$iB
00000000   IDL_busyObj$operation
00000000   KNL_swi$ord
00000000   KNL_swi$pri
00000000   KNL_swi$sts$unittype
00000000   KNL_swi$swi
00000000   LOG_system$datatype
00000000   LOG_system$log
00000000   MBX$
00000000   MEM_NULL
00000000   MEM_USEMPC
00000000   MSGQ$
00000000   MSGQ_USEMSGQ
00000000   OBJ$
00000000   PIP$
00000000   PIP_gNextId
00000000   POOL$
00000000   POOL_USEPOOL
00000000   PRD_A_TABBEG
00000000   PRD_A_TABEND
00000000   PRD_A_TABLEN
00000000   PRD_SWIHANDLE
00000000   RTA_fromHost$hst
00000000   RTA_fromHost$mode
00000000   RTA_toHost$hst
00000000   RTA_toHost$id
00000000   RTDX_MODE
00000000   RTDX_USERTEXECUTION
00000000   SEM$
00000000   SIO$
00000000   SWI_EHOOKFXN
00000000   SWI_IHOOKFXN
00000000   TSK_NUM_HOOKS
00000000   TSK_READYFXN
00000000   TSK_STACKSEG
00000000   TSK_SWITCHFXN
00000000   TSK_idle$ord
00000000   TSK_idle$pri
00000000   TSK_idle$sts$unittype
00000000   TSK_idle$tsk
00000000   UDEV$
00000000   _CLK_TDDR
00000000   _CLK_TIMERNUM
00000000   _GBL_CACHE
00000000   _HWI_RESET
00000000   _RTDX_interrupt_mask
00000000   ___data__
00000000   ___edata__
00000000   edata
00000000   hwi0
00000001   BUF_ENABLED
00000001   CLK$
00000001   CLK_CALDIV
00000001   CLK_HTIMEDIV
00000001   CLK_LTIMEDIV
00000001   CLK_USETIMER
00000001   GBL$
00000001   GBL_CALLCSLCFGINIT
00000001   GBL_ENABLEINST
00000001   GBL_L2CONFIGURE
00000001   GBL_L2MARMASK
00000001   GBL_USERINIT
00000001   GBL_boot
00000001   HST$
00000001   HST_RTDX
00000001   HWI$
00000001   HWI_NMI
00000001   HWI_ZEROTAB
00000001   IDL$
00000001   IDL_USECLKIDLTIME
00000001   IDL_busyObj$filter
00000001   IDL_busyObj$iA
00000001   IDL_busyObj$iC
00000001   ISRC$
00000001   KNL_swi$dorta
00000001   KNL_swi$sts$filtmaxmult
00000001   KNL_swi$sts$filtsummult
00000001   LCK$
00000001   LOG$
00000001   LOG_A_TABLEN
00000001   LOG_ENABLED
00000001   MEM$
00000001   MEM_gNumHeap
00000001   PRD$
00000001   QUE$
00000001   RTA_fromHost$id
00000001   RTA_toHost$mode
00000001   RTDX$
00000001   RTDX_NORMALIZED_HDR
00000001   RTDX_USERTDX
00000001   STS$
00000001   SWI$
00000001   SWI_A_TABLEN
00000001   SYS$
00000001   TSK$
00000001   TSK_PRIORITY
00000001   TSK_idle$sts$filtmaxmult
00000001   TSK_idle$sts$filtsummult
00000001   _CLK_USETIMER
00000001   _HWI_NMI
00000001   _LOG_A_TABLEN
00000002   HWI_RESERVED0
00000002   IDL_busyObj$unittype
00000002   KNL_swi$sts$filter
00000002   PIP_A_TABLEN
00000002   PIP_gNumEmbed
00000002   TSK_idle$sts$filter
00000002   _HWI_RESERVED0
00000002   _RTDX_JTAGONLY
00000003   HWI_RESERVED1
00000003   _HWI_RESERVED1
00000004   CLK_CALMULT
00000004   CLK_HTIMEMULT
00000004   HWI_INT4
00000004   RTA_fromHost$framesize
00000004   _HWI_INT4
00000005   HWI_INT5
00000005   _HWI_INT5
00000006   HWI_INT6
00000006   IDL_CALIBRERROR
00000006   _HWI_INT6
00000007   HWI_INT7
00000007   _HWI_INT7
00000008   HWI_INT8
00000008   _HWI_INT8
00000009   HWI_INT9
00000009   _HWI_INT9
0000000a   HWI_INT10
0000000a   _HWI_INT10
0000000b   HWI_INT11
0000000b   _HWI_INT11
0000000c   HWI_INT12
0000000c   _HWI_INT12
0000000d   HWI_INT13
0000000d   _HWI_INT13
0000000e   HWI_INT14
0000000e   _HWI_INT14
0000000f   HWI_INT15
0000000f   _HWI_INT15
00000020   CLK_TCR
00000020   hwi1
0000003e   GBL_DSPTYPE
00000040   HST_MAXFRAMESET
00000040   LOG_system$size
00000040   RTA_toHost$framesize
00000040   hwi2
00000042   GBL_FOOTPRINT
00000060   hwi3
00000064   PIP_OBJSIZE
00000080   hwi4
000000a0   hwi5
000000c0   hwi6
000000e0   hwi7
000000ff   HST_MAXFRAMEALLOWED
00000100   hwi8
00000120   hwi9
00000140   hwi10
00000160   hwi11
00000180   hwi12
000001a0   hwi13
000001c0   hwi14
000001e0   hwi15
00000200   IRAM$B
00000200   _IRAM_base
000003e8   CLK_MICROSECS
00000400   HST_DSMMEMSIZE
00000400   TSK_STACKSIZE
00000400   __STACK_SIZE
00000408   RTDX_BUFMEMSIZE
00001770   GBL_CLKTYPE
00001a39   GBL_DSPSUBTYPE
00002226   GBL_L2ALLOC
00004000   CLK_INTBIT
00004000   PRD_SCALAR
00004018   HWI_CFGDISPATCHED
00004018   _HWI_CFGDISPATCHED
00004e20   GBL_CLKIN
00005205   GBL_A_VERSION
00008000   IRAM$L
00008000   _IRAM_length
00008200   .text
00008200   _ProcVswitch
00008200   ___text__
0000934c   _process_frame
00009620   _init_hardware
000096c8   _init_buffer
00009774   _init_HWI
00009800   _main
00009ca8   _complex_min
00009d54   _ISR_AIC
00009e00   __divd
0000a700   _swap
0000a760   _bitrev
0000a7ec   _shuffle
0000a960   _dftmerge
0000ab58   _fft
0000abac   _ifft
0000aca8   _dft
0000afe0   _cabs
0000b050   _cmplx
0000b090   _conjg
0000b0e4   _cadd
0000b170   _csub
0000b1fc   _cmul
0000b29c   _rmul
0000b308   _cdiv
0000b424   _rdiv
0000b4bc   _real
0000b4f4   _aimag
0000b52c   _cexp
0000b660   __divf
0000bc80   _DSK6713_wait
0000bd24   _DSK6713_waitusec
0000bd58   _DSK6713_rset
0000bd6c   _DSK6713_rget
0000be00   _DSK6713_getVersion
0000be50   _DSK6713_init
0000c100   __frcmpyd_div
0000c480   _cos
0000c7c0   _sin
0000cae0   _DSK6713_AIC23_openCodec
0000cdc0   _exp
0000d040   _memcpy
0000d280   _sqrt
0000d4c0   _IRQ_map
0000d680   _MCBSP_reset
0000d820   _ldexp
0000d9c0   _wait500nS
0000d9e8   GBL_USERINITFXN
0000d9e8   _GBL_setPLLto225MHz
0000db40   _DSK6713_AIC23_rset
0000dbba   CLK_COUNTSPMS
0000dbba   CLK_HTIMEPERLTIME
0000dbba   CLK_PRD
0000dbba   _CLK_COUNTSPMS
0000dbba   _CLK_PRD
0000dbef   GBL_TRCMASKVALUE
0000dc08   _DSK6713_AIC23_rget
0000dc2c   _DSK6713_AIC23_config
0000dcc0   __strasgi
0000de00   _call_dtors
0000df20   _frexp
0000e040   _memset
0000e160   _MCBSP_open
0000e260   _MCBSP_start
0000e360   _atexit
0000e460   __frcmpyf_div
0000e540   __nround
0000e620   _stereo_write_16Bit
0000e648   _stereo_read_16Bit
0000e674   _mono_write_16Bit
0000e69c   _mono_read_16Bit
0000e700   _modf
0000e880   __mpyll
0000e9c0   ___add_dtor
0000ea80   __trunc
0000eac0   __nop
0000eae0   __register_lock
0000eb00   __register_unlock
0000eb20   __IRQ_hookFetchPacket
0000eb40   LNK_F_checkBufferCall
0000eb40   ___etext__
0000eb40   etext
0000eb60   LNK_F_getChanPtr
0000ebb8   LNK_F_init
0000ebc0   LNK_F_dataPump
0000ebd4   LNK_rcloop
0000eca0   LNK_rdrtry
0000ecb0   LNK_rrloop
0000ed74   LNK_wrrtry
0000ed84   LNK_wrloop
0000ee60   LNK_newin
0000efa0   LNK_newout
0000f104   LNK_F_readCallBack
0000f574   __GBL_setL2CacheMode
0000f720   SWI_F_enable
0000f720   __SWI_lat3beg
0000f78c   __SWI_lat3end
0000f790   SWI_F_post
0000f790   _SWI_post
0000f8cc   __SWI_lat1beg
0000f93c   SWI_EXECFXN
0000f93c   SWI_F_exec
0000f968   SWI_F_iexec
0000f980   __SWI_lat1end
0000f984   __SWI_lat2beg
0000f9f4   __SWI_lat2end
0000f9f8   SWI_F_run
0000f9f8   SWI_RUNFXN
0000fc60   CLK_HOOKFXN
0000fc60   HWI_F_dispatch
0000fc60   _HWI_F_dispatch
0000fc60   __HWI_lat1beg
0000fde0   __HWI_lat1end
0000fde0   __HWI_lat2beg
0000ff0c   __HWI_lat2end2
0000ff3c   __HWI_lat3end2
0000ff80   __HWI_lat2end1
0000ffa0   __HWI_lat3beg
000100a0   __HWI_lat3end1
000100c0   _free
000100ec   _malloc
00010170   _realloc
000102b4   _memalign
00010408   _calloc
000104a0   PRD_F_swi
00010760   PRD_F_tick
00010840   _KNL_run
00010b00   RTA_F_getlog
00010b44   RTA_F_getsts
00010b8c   RTA_F_readblk
00010bac   RTA_F_writeword
00010bb8   RTA_F_resetmem
00010bb8   __RTA_lat1beg
00010bf0   __RTA_lat1end
00010bf8   RTA_F_dispatch
00010c48   RTA_execute
00010dc0   _SEM_pendEnterKnl
00011080   _MEM_alloc
00011540   PRD_THOOKFXN
00011540   _KNL_tick
00011560   _MEM_free
000117a0   PIP_F_take
00011834   PIP_F_give
00011834   PIP_F_probe
00011908   PIP_F_start
000119e0   __SEM_dopost
00011c00   _TSK_setup
00011e00   _KNL_saveIsrFrame
00011ecc   _KNL_switch
00011f80   KNL_glue
00011fc0   CLK_F_getltime
00011fd4   CLK_F_isr
00012134   CLK_F_itime
00012134   _CLK_F_itime
00012134   _CLK_itime
00012150   __CLK_lat1beg
0001217c   __CLK_lat1end
00012180   _TSK_exit
00012320   __auto_init
00012560   _TSK_startup
00012620   _KNL_check
00012670   __KNL_lat1beg
000126f8   _KNL_idle
000126f8   __KNL_lat1end
0001271c   _KNL_max
00012760   _GBL_cslCacheInit
00012840   _KNL_exit
00012894   _KNL_enter
00012920   _SEM_postEnterKnl
00012a00   _SEM_post
00012a00   _SEM_postBinary
00012ae0   _CLK_measure
00012bc0   _KNL_ipost
00012c80   _KNL_post
00012d40   _LCK_post
00012d70   _LCK_pend
00012e00   _SYS_exit
00012ec0   CLK_F_getfhtime
00012ee0   CLK_F_gethtime
00012ee0   CLK_F_getshtime
00012ee0   CLK_TIMEFXN
00012f80   FXN_F_nop
00012f88   FXN_F_run
00012f88   _FXN_F_run
00012fd8   FXN_F_zero
00012fd8   _FXN_F_zero
00013000   IDL_F_busy
00013000   __IDL_lat1beg
00013050   __IDL_lat1end
00013080   LOG_F_event
00013080   _LOG_event
00013080   __LOG_lat1beg
00013100   STS_F_delta
00013100   _STS_delta
00013138   STS_F_add
00013138   _STS_add
00013164   STS_F_reset
00013164   _STS_reset
00013180   IDL_F_calibrate
00013200   _SYS_error
00013260   _HWI_disable
00013278   _HWI_enable
0001328c   _HWI_restore
000132c0   _SEM_pend
00013320   _SYS_abort
00013380   SYS_PUTCFXN
00013380   _UTL_doPutc
000133e0   _CLK_start
00013440   IDL_CALIBRFXN
00013440   IDL_F_stub
00013480   RTA_F_andn
000134a0   RTA_F_or
000134c0   SYS_ABORTFXN
000134c0   _UTL_doAbort
00013500   _CLK_stop
00013540   GIO_CREATEFXN
00013540   GIO_DELETEFXN
00013540   GIO_PENDFXN
00013540   GIO_POSTFXN
00013540   TSK_VCREATEFXN
00013540   TSK_VDELETEFXN
00013540   TSK_VEXITFXN
00013540   _FXN_F_nop
00013560   _GBL_getVersion
00013580   IDL_F_loop
00013580   _IDL_loop
000135a0   _STS_set
000135c0   SYS_ERRORFXN
000135c0   _UTL_doError
000135e0   SYS_EXITFXN
000135e0   _UTL_halt
00013600   _Config
00013628   _frame_min_buffer
00014628   ___atexit_func_id__
000147d8   __IRQ_eventTable
0001485c   __IRQ_intTable
0001489c   __IRQ_dispatchTable
000148a4   _KNL_queues
00014944   _KNL_dummy
0001497c   _TSK_ATTRS
00014998   _TSK_config
000149b8   _TSK_timerSem
000149d8   _OBJ_table
00014a10   _OBJ_segtab
00014a2c   __TSK_mutex
00014a54   __MEM_mutex
00014a7c   _errno
00014b30   __MCBSP_hDev0
00014b34   __MCBSP_hDev1
00014b90   _SYS_exitStack
00014bcc   __cleanup_ptr
00014bd0   __dtors_ptr
00014bd4   ___TI_enable_exit_profile_output
00014bd8   __lock
00014bdc   __unlock
00014bf0   _dtors
00014bf8   ___cinit__
00014bf8   cinit
00015e14   ___pinit__
00015e14   pinit
00015e20   _RTDX_Poll
00016220   _RTDX_Buffer_WriteCB
00016860   _RTDX_Mon_Queue
00016a80   _RTDX_Init_RT_Monitor
00016b00   _RTDX_Buffer_Initialize
00016b60   _RTDX_Buffer_ReadCB
00016bc0   _RTDX_Buffer_Size
00016c00   _RTDX_Final_RT_Monitor
00016c40   _RTDX_Buffer_Read
00016c60   _RTDX_Buffer_Write
00016ca0   _RTDX_Mask_IER
00016cc0   BIOS_init
00016cc0   _BIOS_init
00016e3c   BIOS$$CLKON
00016e7c   BIOS$$CLKOFF
00016ee4   BIOS_start
00016ee4   _BIOS_start
00016fa0   _MEM_init
00017080   _c_int00
00017140   _TSK_init
000171c0   _OBJ_init
000171e0   _RTDX_Buffer
000175e8   _RTDX_Buffer_Start
000175ec   _RTDX_Buffer_End
000175f0   _rtdx_buffer_state
000175fc   _RTDX_writing
00017610   _rtdx_mon_state
0001762c   $bss
0001762c   .bss
0001762c   _HWI_dispatchTab
0001762c   ___bss__
0001772c   IDL_D_tabbeg
00017730   IDL_D_calibrate
00017734   IDL_D_calbeg
00017738   LOG_D_system
00017738   _LOG_D_system
0001773c   PIP_D_tabbeg
00017740   PIP_D_tablen
00017744   CLK_R_time
00017748   CLK_D_timefxn
0001774c   CLK_D_tabbeg
00017750   CLK_D_isrhook
00017754   CLK_D_idletime
00017758   _CLK_htimeDiv
0001775c   _CLK_htimeMult
00017760   _CLK_ltimeDiv
00017764   _CLK_ltimeMult
00017768   _CLK_D_dirty
0001776c   _CLK_D_prd
00017770   _CLK_D_tddr
00017774   _CLK_D_countspms
00017778   PRD_D_tick
00017778   _PRD_D_tick
0001777c   PRD_D_cur
00017780   PRD_D_elapsed
00017784   PRD_D_prevtim
00017788   PRD_D_scalar
0001778c   PRD_D_swihandle
00017790   PRD_D_tabbeg
00017794   PRD_D_tablen
00017798   PRD_D_thook
0001779c   RTA_D_fromHost
000177a0   RTA_D_toHost
000177a4   RTA_D_logval
000177b4   RTA_D_stsval
000177c0   HST_D_chanmask
000177c4   HST_D_tabbeg
000177c8   HST_D_tabend
000177cc   _GBL_procId
000177d0   _GBL_clkIn
000177d4   _GBL_freq
000177d8   _MEM_D_NUMSEGMENTS
000177dc   _MEM_D_memtab
000177e0   _MEM_D_freelist
000177e4   _MEM_D_lockaddr
000177e8   _MEM_D_unlockaddr
000177ec   _SYS
000177f0   __HOOK_knlId
000177f4   __HOOK_NUMHOOKS
000177f8   _alpha
000177fc   _alphatmp
00017800   _alphathresholdlow
00017804   _alphathresholdhigh
00017808   _enchance6
0001780c   _SNRtmp
00017810   _lambda
00017814   _tau
00017818   _in_filt
0001781c   _out_filt
00017820   _gain_var
00017824   _RNR_threhold
00017828   _min_frame_rate
0001782c   _speech_thres
00017830   _prob_const
00017834   _sub_const
00017838   _delta
0001783c   _H_Codec
00017840   _inbuffer
00017844   _outbuffer
00017848   _outframe
0001784c   _inframe
00017850   _last_P
00017854   _last_PP
00017858   _P
0001785c   _PP
00017860   _inwin
00017864   _outwin
00017868   _frame_mag
0001786c   _N
00017870   _last_N
00017874   _last_frame_mag
00017878   _RNRbuffer
0001787c   _last_frame
00017880   _last_last_frame
00017884   _out_buff
00017888   _speech_prob
0001788c   _local_min
00017890   _subfactor
00017894   _ingain
00017898   _outgain
0001789c   _cpufrac
000178a0   _io_ptr
000178a4   _frame_ptr
000178a8   _frame_count
000178ac   _min_buffer_index
000178b0   _noise_amp
000178b4   _K
000178b8   SWI_D_runaddr
000178b8   _SWI_D_runaddr
000178b8   _SWI_data
000178bc   SWI_D_execaddr
000178bc   _SWI_D_execaddr
000178c0   SWI_D_curmask
000178c0   _SWI_D_curmask
000178c4   SWI_D_curset
000178c4   _SWI_D_curset
000178c8   SWI_D_lock
000178c8   _SWI_D_lock
000178cc   SWI_D_curmbox
000178d0   SWI_D_curfxn
000178d0   _SWI_D_curfxn
000178d4   SWI_D_rdybeg
000178d4   _SWI_D_rdybeg
000178d8   SWI_D_inswi
000178d8   _SWI_D_inswi
000178dc   SWI_D_rdytab
00017954   _KNL_wFlag
00017958   _KNL_wList
0001795c   _KNL_alarm
00017960   _KNL_setpri
00017964   _KNL_inactive
00017968   _KNL_priority
0001796c   _KNL_set
00017970   _KNL_curtask
00017974   _KNL_prevtask
00017978   _KNL_curtime
0001797c   _KNL_swiptr
00017980   _KNL_curqueue
00017984   _KNL_maxqueue
00017988   _KNL_tswitchfxn
0001798c   _KNL_tcreatefxn
00017990   _KNL_tdeletefxn
00017994   _KNL_treadyfxn
00017998   _KNL_idlefxn
0001799c   _MEM_memtab
000179a8   HST_DSMBUFSEG
000179a8   IRAM
000179a8   MEM_MALLOCSEG
000179a8   MEM_SEGZERO
000179a8   RTDX_DATAMEMSEG
000179a8   _IRAM
000179ac   RTA_fromHost$pipe$dtab
000179b8   RTA_toHost$pipe$dtab
000179c4   HWI_D_spsave
000179c4   _HWI_D_spsave
000179c4   _HWI_data
000179d0   _HWI_D_inhwi
000179d4   HWI_D_bss
000179d8   HWI_D_ccmask
000179dc   LNK_dspFrameRequestMask
000179dc   _LNK_dspFrameRequestMask
000179e0   LNK_dspFrameReadyMask
000179e0   _LNK_dspFrameReadyMask
000179e4   LNK_readPend
000179e4   _LNK_readPend
000179e8   LNK_readDone
000179e8   _LNK_readDone
000179ec   LNK_readFail
000179ec   _LNK_readFail
000179f0   LNK_writeFail
000179f0   _LNK_writeFail
000179fc   _rtdxNullChanCnt
00017a00   _rtdxNullFuncCnt
00017a04   _TSK_nTasks
00017a08   _TSK_pid
00017a0c   _TSK
00017a10   _CLK_DFLTMICROSECS
00017a14   _CLK_D_microseconds
00017a18   _SYS_exitStackPtr
00017a1c   _SYS_exitStackTop
00017a20   _DSK6713_AIC23_codeccontrolhandle
00017a24   _DSK6713_AIC23_codecdatahandle
00017a28   _CLK_htimePerLtime
00017a30   IDL_D_busyObj
00017a34   _MEM
00017a38   _DSK6713_version
00017a3a   ___end__
00017a3a   end
00017a40   TSK_idle$stack
00017dd8   TSK_idle$stkptr
00017e40   GBL_stackbeg
00017e40   _HWI_STKTOP
00017e40   __stack
00018238   _HWI_STKBOTTOM
0001823f   GBL_stackend
00018240   _SYS_PUTCBEG
0001843f   _SYS_PUTCEND
00018541   KNL_swi$sts$maxfmt
00018549   KNL_swi$sts$sumfmt
00018550   TSK_idle
00018550   _TSK_idle
00018551   KNL_swi$sts$avgfmt
0001855b   TSK_idle$sts$maxfmt
00018563   TSK_idle$sts$sumfmt
0001856b   TSK_idle$sts$avgfmt
00018575   IDL_busyObj$maxfmt
00018578   IDL_busyObj$sumfmt
0001857b   IDL_busyObj$avgfmt
00018600   LOG_system$buf
00018700   RTA_toHost$buf
00018800   PIP_A_TABBEG
00018800   RTA_fromHost$pipe
00018800   _PIP_A_TABBEG
00018804   RTA_fromHost$pipe$rd
00018830   RTA_fromHost$pipe$aaa
00018834   RTA_fromHost$pipe$wr
00018860   RTA_fromHost$pipe$bbb
00018864   RTA_toHost$pipe
00018868   RTA_toHost$pipe$rd
00018894   RTA_toHost$pipe$aaa
00018898   RTA_toHost$pipe$wr
000188c4   RTA_toHost$pipe$bbb
000188c8   PIP_A_TABEND
000188c8   _PIP_A_TABEND
00018908   HST_A_TABBEG
00018908   _HST_A_TABBEG
0001890c   RTA_fromHost
0001890c   _RTA_fromHost
00018914   RTA_fromHost$rtdx
00018928   RTA_toHost
00018928   _RTA_toHost
00018930   RTA_toHost$rtdx
00018944   HST_A_TABEND
00018944   KNL_swi$sts$stsobj
00018944   STS_A_TABBEG
00018944   _HST_A_TABEND
00018944   _STS_A_TABBEG
00018948   KNL_swi$sts
00018954   TSK_idle$sts$stsobj
00018958   TSK_idle$sts
00018964   IDL_busyObj$stsobj
00018968   IDL_busyObj
00018968   _IDL_busyObj
00018974   KNL_swi
00018974   STS_A_TABEND
00018974   SWI_A_TABBEG
00018974   _KNL_swi
00018974   _STS_A_TABEND
000189a0   LOG_A_TABBEG
000189a0   LOG_system
000189a0   SWI_A_TABEND
000189a0   _LOG_A_TABBEG
000189a0   _LOG_system
000189b8   LOG_A_TABEND
000189b8   RTA_fromHost$buf
000189b8   _LOG_A_TABEND
000189c8   IDL_A_TABBEG
000189c8   IDL_cpuLoad
000189c8   _IDL_cpuLoad
000189cc   LNK_dataPump
000189cc   _LNK_dataPump
000189d0   RTA_dispatcher
000189d0   _RTA_dispatcher
000189d4   IDL_END
000189d8   IDL_A_CALBEG
000189d8   IDL_cpuLoad$
000189dc   LNK_dataPump$
000189e0   RTA_dispatcher$
000189e4   IDL_END$
000189e8   SYS$config
000189f8   TRC_cinit
000189fc   TRC_R_mask
000189fc   _TRC_R_mask
00018a00   GBL_initdone
00018a04   CLK_A_TABBEG
00018a04   PRD_clock
00018a04   _PRD_clock
00018a08   CLK_null
00036ee8   CLK_LTIMEMULT
00036ee8   GBL_FREQ
01940000   CLK_REGS
01940000   _CLK_REGS
082039a3   HWI_INTRMULTHIGH
310718af   HWI_INTRMULTLOW
ffffffff   SDRAM
ffffffff   _SDRAM
ffffffff   ___TI_pprof_out_hndl
ffffffff   ___TI_prof_data_size
ffffffff   ___TI_prof_data_start
ffffffff   ___binit__
ffffffff   ___c_args__
ffffffff   binit

[809 symbols]
